COMMAND ['node_modules/eslint/bin/eslint.js', '.']
COMMAND ['node_modules/typescript/bin/tsc', '--noEmit']
COMMAND ['node_modules/@playwright/test/cli.js', 'test', '--workers=2']

Running 26 tests using 2 workers

(node:6908) Warning: The 'NO_COLOR' env is ignored due to the 'FORCE_COLOR' env being set.
(Use `node --trace-warnings ...` to show where the warning was created)
(node:14912) Warning: The 'NO_COLOR' env is ignored due to the 'FORCE_COLOR' env being set.
(Use `node --trace-warnings ...` to show where the warning was created)
  ok  1 e2e\login-visual.spec.ts:3:5 › вход сохраняет компоновку, доступный фокус и ошибку на телефоне и десктопе (2.5s)
  ok  2 e2e\engineering.spec.ts:12:7 › рабочие страницы не расширяют документ: 1440px (2.8s)
  ok  3 e2e\navigation.spec.ts:24:5 › разделы и вложенные вкладки открываются по URL (2.2s)
  ok  4 e2e\engineering.spec.ts:12:7 › рабочие страницы не расширяют документ: 1280px (3.1s)
  ok  5 e2e\planning.spec.ts:5:5 › карта 2ГИС загружает сценарные маркеры и поддерживает управление масштабом (1.7s)
  ok  6 e2e\engineering.spec.ts:12:7 › рабочие страницы не расширяют документ: 1024px (2.7s)
  ok  8 e2e\engineering.spec.ts:12:7 › рабочие страницы не расширяют документ: 968px (2.2s)
  ok  9 e2e\engineering.spec.ts:12:7 › рабочие страницы не расширяют документ: 390px (2.1s)
  ok 10 e2e\engineering.spec.ts:12:7 › рабочие страницы не расширяют документ: 320px (2.1s)
  ok 11 e2e\engineering.spec.ts:24:5 › вкладки доступны с клавиатуры, реестр работает без картографического провайдера (514ms)
  ok 12 e2e\engineering.spec.ts:42:5 › коридор: табличный ввод отправляет значения и показывает предметный результат (784ms)
  ok 13 e2e\engineering.spec.ts:66:5 › CSV сообщает условие импорта до заполнения формы (493ms)
  ok 14 e2e\engineering.spec.ts:73:5 › ошибка нового источника не подменяется предыдущим сценарием (538ms)
  ok 15 e2e\engineering.spec.ts:86:5 › календарь сохраняет даты и предупреждает о пропусках (627ms)
  ok 16 e2e\engineering.spec.ts:100:5 › парк: таблицы сохраняют связи и экспертные поля, редактирование снимает старый результат (918ms)
  ok 17 e2e\engineering.spec.ts:125:5 › основные контрастные пары и клавиатурный фокус проходят проверку (459ms)
  ok 18 e2e\engineering.spec.ts:156:5 › мобильная навигация показывает все четыре раздела без скрытой прокрутки (589ms)
  ok 19 e2e\engineering.spec.ts:174:5 › пустой экран ведёт к загрузке входа до недоступных настроек расчёта (526ms)
  ok 20 e2e\production-boundaries.spec.ts:5:5 › API отклоняет чужой Origin и запрос без Origin до изменения данных (42ms)
  ok 21 e2e\production-boundaries.spec.ts:18:5 › без сценария нет автоматически созданных площадок и расчётов (685ms)
  ok 22 e2e\production-boundaries.spec.ts:40:5 › ограничение тела запроса и заголовки безопасности действуют на работающем BFF (37ms)
  ok 23 e2e\typography.spec.ts:5:5 › локальные шрифты загружаются и разделяют заголовки и поля (496ms)
  ok  7 e2e\planning.spec.ts:54:5 › мобильный сценарий доступен от входа до результата и выхода (25.0s)
  ok 24 e2e\planning.spec.ts:124:5 › пользовательский JSON загружается, проверяется и рассчитывается (4.7s)
  ok 25 e2e\planning.spec.ts:140:5 › закреплённый конкурсный кейс проходит от загрузки до проверяемого экрана (16.5s)
  ok 26 e2e\planning.spec.ts:168:5 › ограничение CVaR видно в результате, а несовместимые условия не выдаются за план (6.0s)

  26 passed (1.0m)
